Script started on 2020-12-15 11:32:27-05:00 [<not executed on terminal>]
Create topic: Shapes
Create reader for topic: Shapes
on_requested_incompatible_qos() topic: 'Shapes'  type: 'ShapeType' : 4 (Deadline)

Script done on 2020-12-15 11:32:32-05:00 [COMMAND_EXIT_CODE="143"]
