Script started on 2020-12-15 11:32:53-05:00 [<not executed on terminal>]
1608049973.882558732: STARTUP     : LOG    : CoreDX DDS version 4.5.0
1608049973.884357007: STARTUP     : LOG    : ... logging library in use
Create topic: Shapes
Create writer for topic: Shapes color: RED
on_offered_incompatible_qos() topic: 'Shapes'  type: 'ShapeType' : 10 (Partition)

Script done on 2020-12-15 11:32:58-05:00 [COMMAND_EXIT_CODE="143"]
