Script started on 2020-12-15 11:33:03-05:00 [<not executed on terminal>]
1608049983.942829283: STARTUP     : LOG    : CoreDX DDS version 4.5.0
1608049983.943254675: STARTUP     : LOG    : ... logging library in use
Create topic: Shapes
Create writer for topic: Shapes color: RED
on_publication_matched() topic: 'Shapes'  type: 'ShapeType' : matched readers 1 (change = 1)

Script done on 2020-12-15 11:33:08-05:00 [COMMAND_EXIT_CODE="143"]
