Script started on 2020-12-15 11:35:04-05:00 [<not executed on terminal>]
Create topic: Shapes
Create reader for topic: Shapes
on_requested_incompatible_qos() topic: 'Shapes'  type: 'ShapeType' : 2 (Durability)

Script done on 2020-12-15 11:35:09-05:00 [COMMAND_EXIT_CODE="143"]
