Script started on 2020-12-15 11:34:24-05:00 [TERM="xterm-256color" TTY="/dev/pts/1" COLUMNS="101" LINES="24"]
1608050064.275824767: STARTUP     : LOG    : CoreDX DDS version 4.5.0
1608050064.275873646: STARTUP     : LOG    : ... logging library in use
Create topic: Shapes
Create writer for topic: Shapes color: RED
on_offered_incompatible_qos() topic: 'Shapes'  type: 'ShapeType' : 2 (Durability)

Script done on 2020-12-15 11:34:29-05:00 [COMMAND_EXIT_CODE="143"]
