Script started on 2020-12-15 11:35:39-05:00 [TERM="xterm-256color" TTY="/dev/pts/1" COLUMNS="101" LINES="24"]
Create topic: Shapes
Create writer for topic: Shapes color: RED
on_publication_matched() topic: 'Shapes'  type: 'ShapeType' : matched readers 1 (change = 1)

Script done on 2020-12-15 11:35:44-05:00 [COMMAND_EXIT_CODE="143"]
