Script started on 2020-12-15 11:32:22-05:00 [<not executed on terminal>]
Create topic: Shapes
Create writer for topic: Shapes color: RED
on_offered_incompatible_qos() topic: 'Shapes'  type: 'ShapeType' : 4 (Deadline)

Script done on 2020-12-15 11:32:27-05:00 [COMMAND_EXIT_CODE="143"]
