Script started on 2020-12-15 11:32:53-05:00 [<not executed on terminal>]
Create topic: Shapes
Create reader for topic: Shapes

Script done on 2020-12-15 11:32:58-05:00 [COMMAND_EXIT_CODE="143"]
