Script started on 2020-12-15 11:35:04-05:00 [TERM="xterm-256color" TTY="/dev/pts/1" COLUMNS="101" LINES="24"]
1608050104.492417846: STARTUP     : LOG    : CoreDX DDS version 4.5.0
1608050104.493992955: STARTUP     : LOG    : ... logging library in use
Create topic: Shapes
Create writer for topic: Shapes color: RED
on_offered_incompatible_qos() topic: 'Shapes'  type: 'ShapeType' : 2 (Durability)

Script done on 2020-12-15 11:35:09-05:00 [COMMAND_EXIT_CODE="143"]
