Script started on 2020-12-15 11:32:43-05:00 [<not executed on terminal>]
1608049963.833239271: STARTUP     : LOG    : CoreDX DDS version 4.5.0
1608049963.833262882: STARTUP     : LOG    : ... logging library in use
Create topic: Shapes
Create writer for topic: Shapes color: RED
on_offered_incompatible_qos() topic: 'Shapes'  type: 'ShapeType' : 6 (Ownership)

Script done on 2020-12-15 11:32:48-05:00 [COMMAND_EXIT_CODE="143"]
