Script started on 2020-12-15 11:35:49-05:00 [<not executed on terminal>]
1608050149.695297608: STARTUP     : LOG    : CoreDX DDS version 4.5.0
1608050149.695322454: STARTUP     : LOG    : ... logging library in use
Create topic: Shapes
Create reader for topic: Shapes
on_subscription_matched() topic: 'Shapes'  type: 'ShapeType' : matched writers 1 (change = 1)
on_liveliness_changed() topic: 'Shapes'  type: 'ShapeType' : (alive = 0, not_alive = 1)
on_liveliness_changed() topic: 'Shapes'  type: 'ShapeType' : (alive = 1, not_alive = 0)
Shapes     RED        174 199 [20]
Shapes     RED        171 214 [20]
Shapes     RED        168 229 [20]
Shapes     RED        165 244 [20]
Shapes     RED        162 259 [20]
Shapes     RED        159 249 [20]
Shapes     RED        156 234 [20]
Shapes     RED        153 219 [20]
Shapes     RED        150 204 [20]
Shapes     RED        147 189 [20]
Shapes     RED        144 174 [20]
Shapes     RED        141 159 [20]
Shapes     RED        138 144 [20]
Shapes     RED        135 129 [20]
Shapes     RED        132 114 [20]
Shapes     RED        129 099 [20]
Shapes     RED        126 084 [20]
Shapes     RED        123 069 [20]
Shapes     RED        120 054 [20]
Shapes     RED        117 039 [20]
Shapes     RED        114 024 [20]
Shapes     RED        111 011 [20]
Shapes     RED        108 026 [20]
Shapes     RED        105 041 [20]
Shapes     RED        102 056 [20]
Shapes     RED        099 071 [20]
on_subscription_matched() topic: 'Shapes'  type: 'ShapeType' : matched writers 2 (change = 1)
on_liveliness_changed() topic: 'Shapes'  type: 'ShapeType' : (alive = 1, not_alive = 1)
Shapes     RED        096 086 [20]
Shapes     RED        093 101 [20]
on_liveliness_changed() topic: 'Shapes'  type: 'ShapeType' : (alive = 2, not_alive = 0)
Shapes     RED        096 090 [20]
Shapes     RED        093 078 [20]
Shapes     RED        090 066 [20]
Shapes     RED        087 054 [20]
Shapes     RED        084 042 [20]
Shapes     RED        081 030 [20]
Shapes     RED        078 018 [20]
Shapes     RED        075 015 [20]
Shapes     RED        072 027 [20]
Shapes     RED        069 039 [20]
Shapes     RED        066 051 [20]
Shapes     RED        063 063 [20]
Shapes     RED        060 075 [20]
Shapes     RED        057 087 [20]
Shapes     RED        054 099 [20]
Shapes     RED        051 111 [20]
Shapes     RED        048 123 [20]
Shapes     RED        045 135 [20]
Shapes     RED        042 147 [20]
Shapes     RED        039 159 [20]
Shapes     RED        036 171 [20]
Shapes     RED        033 183 [20]
Shapes     RED        030 195 [20]
Shapes     RED        027 207 [20]
Shapes     RED        024 219 [20]
Shapes     RED        021 231 [20]
Shapes     RED        018 243 [20]
Shapes     RED        015 255 [20]
Shapes     RED        012 255 [20]
Shapes     RED        012 243 [20]
Shapes     RED        015 231 [20]
Shapes     RED        018 219 [20]
Shapes     RED        021 207 [20]
Shapes     RED        024 195 [20]
Shapes     RED        027 183 [20]
Shapes     RED        030 171 [20]
Shapes     RED        033 159 [20]
Shapes     RED        036 147 [20]
Shapes     RED        039 135 [20]
Shapes     RED        042 123 [20]
Shapes     RED        045 111 [20]
Shapes     RED        048 099 [20]
Shapes     RED        051 087 [20]
Shapes     RED        054 075 [20]
Shapes     RED        057 063 [20]
Shapes     RED        060 051 [20]
Shapes     RED        063 039 [20]

Script done on 2020-12-15 11:35:57-05:00 [COMMAND_EXIT_CODE="143"]
