Script started on 2020-12-15 11:32:48-05:00 [<not executed on terminal>]
Create topic: Shapes
Create writer for topic: Shapes color: RED

Script done on 2020-12-15 11:32:53-05:00 [COMMAND_EXIT_CODE="143"]
