Script started on 2020-12-15 11:32:32-05:00 [<not executed on terminal>]
1608049952.804430136: STARTUP     : LOG    : CoreDX DDS version 4.5.0
1608049952.804470203: STARTUP     : LOG    : ... logging library in use
Create topic: Shapes
Create reader for topic: Shapes
on_requested_incompatible_qos() topic: 'Shapes'  type: 'ShapeType' : 6 (Ownership)
on_requested_incompatible_qos() topic: 'Shapes'  type: 'ShapeType' : 6 (Ownership)

Script done on 2020-12-15 11:32:40-05:00 [COMMAND_EXIT_CODE="143"]
