Script started on 2020-12-15 11:36:05-05:00 [<not executed on terminal>]
Create topic: Shapes
Create writer for topic: Shapes color: RED
on_publication_matched() topic: 'Shapes'  type: 'ShapeType' : matched readers 1 (change = 1)

Script done on 2020-12-15 11:36:10-05:00 [COMMAND_EXIT_CODE="143"]
